// Jest Snapshot v1, https://goo.gl/fbAQLP

exports[`renders a user card given valid user data 1`] = `
<div
  className="FollowerCard"
>
  <img
    alt="Profile avatar of SammyIsra"
    className="avatar"
    src="http://i.imgur.com/KB4JPdv.png"
  />
  <p
    className="user-label"
  >
    SammyIsra
  </p>
</div>
`;
