// Jest Snapshot v1, https://goo.gl/fbAQLP

exports[`updates searchbar when typing 1`] = `
<div
  className="SearchBar"
>
  <form
    onSubmit={[Function]}
  >
    <input
      onChange={[Function]}
      placeholder="Search for a GitHub username!"
      type="text"
      value=""
    />
    <button
      type="submit"
    >
      Search
    </button>
  </form>
</div>
`;
